<html>
<body>
<pre>
<h1>礦ision Build Log</h1>
<h2>Tool Versions:</h2>
IDE-Version: μVision V5.26.2.0
Copyright (C) 2018 ARM Ltd and ARM Germany GmbH. All rights reserved.
License Information: white white, white, LIC=WHY45-GFWN1-H8BFS-LPEP3-9IMFA-165D2
 
Tool Versions:
Toolchain:       MDK-ARM Plus  Version: 5.26.2.0
Toolchain Path:  D:\Program\Keil_v5\ARM\ARMCC\Bin
C Compiler:      Armcc.exe V5.06 update 6 (build 750)
Assembler:       Armasm.exe V5.06 update 6 (build 750)
Linker/Locator:  ArmLink.exe V5.06 update 6 (build 750)
Library Manager: ArmAr.exe V5.06 update 6 (build 750)
Hex Converter:   FromElf.exe V5.06 update 6 (build 750)
CPU DLL:         SARMCM3.DLL V5.26.2.0
Dialog DLL:      DARMSTM.DLL V1.68.0.0
Target DLL:      Segger\JL2CM3.dll V2.99.31.0
Dialog DLL:      TARMSTM.DLL V1.66.0.0
 
<h2>Project:</h2>
E:\My Program\Code\STM32\HITB_DXB\Project\MDK-ARM(uV4)\project.uvproj
Project File Date:  11/27/2018

<h2>Output:</h2>
*** Using Compiler 'V5.06 update 6 (build 750)', folder: 'D:\Program\Keil_v5\ARM\ARMCC\Bin'
Rebuild target 'Flash'
compiling bsp.c...
compiling stm32f10x_assert.c...
compiling bsp_key.c...
compiling bsp_timer.c...
compiling bsp_spi_bus.c...
compiling stm32f10x_it.c...
compiling bsp_uart_fifo.c...
compiling main.cpp...
..\..\User\app\src\main.cpp(39): warning:  #177-D: variable "Heartbeat"  was declared but never referenced
  	uint8_t Heartbeat[3] = {0x55,0x33,0x66};
..\..\User\app\src\main.cpp(40): warning:  #177-D: variable "HITB_KEY"  was declared but never referenced
  	uint8_t HITB_KEY[13] = {"#HITB2018DXB"}; 
..\..\User\app\src\main.cpp(41): warning:  #177-D: variable "temp_key"  was declared but never referenced
  	uint8_t temp_key[3] = {0x22,0x60,0x00};
..\..\User\app\src\main.cpp(45): warning:  #550-D: variable "super_flag"  was set but never used
  	uint8_t super_flag = 0;
..\..\User\app\src\main.cpp: 4 warnings, 0 errors
compiling bsp_tim_pwm.c...
compiling bsp_tft.c...
compiling bsp_rgbled.c...
compiling bsp_font.c...
compiling bsp_user_lib.c...
compiling bsp_hitb_dxb.c...
compiling bsp_cpu_flash.c...
compiling bsp_lora.c...
assembling startup_stm32f10x_md.s...
compiling LCDMenuLib2_menu.cpp...
compiling stm32f10x_flash.c...
compiling bsp_snake.c...
compiling LCDMenuLib2.cpp...
compiling bsp_qrcode.c...
compiling stm32f10x_gpio.c...
compiling bsp_gfx.c...
compiling bsp_menu.cpp...
compiling misc.c...
compiling stm32f10x_rcc.c...
compiling stm32f10x_usart.c...
compiling stm32f10x_dma.c...
compiling stm32f10x_tim.c...
compiling system_stm32f10x.c...
compiling stm32f10x_spi.c...
linking...
Program Size: Code=45224 RO-data=11444 RW-data=3180 ZI-data=8212  
FromELF: creating hex file...
After Build - User command #1: CopyHex_Flash.bat
E:\My Program\Code\STM32\HITB_DXB\Project\MDK-ARM(uV4)>copy Flash\Obj\output.hex ..\output(mdk).hex 
已复制         1 个文件。
".\Flash\Obj\output.axf" - 0 Error(s), 4 Warning(s).
Build Time Elapsed:  00:00:08
</pre>
</body>
</html>
